[historyedu1308.github.io/g8/scrap-metal/index.html]
[backblue.gif]
[fade.gif]
[index.html]
[historyedu1308.github.io/g8/scrap-metal/img/utka.ico]
[historyedu1308.github.io/g8/scrap-metal/zombies11.css]
[historyedu1308.github.io/g8/scrap-metal/utkaUnityProgress.js]
[historyedu1308.github.io/g8/scrap-metal/scrapUnityLoader.js]
[historyedu1308.github.io/js/main.js]
[historyedu1308.github.io/g8/scrap-metal/index.html]
[historyedu1308.github.io/g8/scrap-metal/img/1run4progresslogo-light_orig.png]
[historyedu1308.github.io/g8/scrap-metal/img/2run42progressempty-light_orig.png]
[historyedu1308.github.io/g8/scrap-metal/img/4progresslogo444-dark_orig.png]
[historyedu1308.github.io/g8/scrap-metal/img/5run45progressempty-dark_orig.png]
[historyedu1308.github.io/g8/scrap-metal/img/6r6un46progressfull-dark_orig.png]
[historyedu1308.github.io/g8/scrap-metal/img/7webgl-logo-pngrun47webgl-logo_orig.png]
[historyedu1308.github.io/g8/scrap-metal/img/8run48fullscreen_orig.png]
[historyedu1308.github.io/g8/scrap-metal/zombies11.css]
[historyedu1308.github.io/js/main.html]
